============================================================
ORIGINAL 30 SKILLS
============================================================
  Γ£à 30 original skills

============================================================
NEW: MEDIA SKILLS (5)
============================================================
  Γ£à image-gen load
  Γ£à image-analyze load
  Γ£à video-process load
  Γ£à audio-process load
  Γ£à spotify load
  Γ£à image-gen sim
  Γ£à image-analyze no-file
  Γ£à spotify sim

============================================================
NEW: FINANCE SKILLS (5)
============================================================
  Γ£à stock-tracker load
  Γ£à crypto-tracker load
  Γ£à budget-tracker load
  Γ£à currency-converter load
  Γ£à finance-news load
  Γ£à budget add
  Γ£à budget summary

============================================================
NEW: SMART HOME SKILLS (3)
============================================================
  Γ£à smart-home load
  Γ£à device-control load
  Γ£à sensor-monitor load
  Γ£à smart-home sim
  Γ£à sensor read
  Γ£à device status

============================================================
NEW: CODING SKILLS (2)
============================================================
  Γ£à project-scaffold load
  Γ£à code-refactor load
  Γ£à refactor stats
    ΓåÆ 2042 files, 402813 lines in skills/

============================================================
NEW: GIT/DEVOPS EXTRAS (3)
============================================================
  Γ£à pr-manager load
  Γ£à issue-tracker load
  Γ£à ci-cd load
  Γ£à pr sim
  Γ£à ci-cd sim

============================================================
NEW: COMMUNICATION EXTRAS (2)
============================================================
  Γ£à slack-bot load
  Γ£à whatsapp-bot load
  Γ£à slack sim
  Γ£à whatsapp sim

============================================================
NEW: CALENDAR SKILL (1)
============================================================
  Γ£à calendar load
  Γ£à calendar add
  Γ£à calendar list

============================================================
SKILL INSTALLER CLI
============================================================
  Γ£à installer stats
  Γ£à installer categories
    ΓåÆ 51 skills across 10 categories
    ai: 5 skills
    browser: 5 skills
    coding: 2 skills
    communication: 7 skills
    devops: 8 skills
    finance: 5 skills
    media: 5 skills
    productivity: 6 skills
    search: 5 skills
    smart_home: 3 skills

============================================================
FINAL RESULTS
============================================================

  ≡ƒÄ» 39/39 tests passed

  ≡ƒôè Total skills in registry: 51
  ≡ƒôè Categories: 11
    ai: 5 skills - model-switcher, prompt-optimizer, agent-spawn, memory-query, self-improve
    browser: 5 skills - web-browse, web-scrape, form-fill, web-screenshot, pdf-extract
    coding: 2 skills - project-scaffold, code-refactor
    communication: 7 skills - email-send, email-read, telegram-bot, discord-bot, webhook-sender, slack-bot, whatsapp-bot
    devops: 6 skills - git-ops, docker-ops, file-manager, process-manager, system-info, ci-cd
    finance: 5 skills - stock-tracker, crypto-tracker, budget-tracker, currency-converter, finance-news
    git: 2 skills - pr-manager, issue-tracker
    media: 5 skills - image-gen, image-analyze, video-process, audio-process, spotify
    productivity: 6 skills - task-manager, note-taker, data-analyzer, code-review, scheduler, calendar
    search: 5 skills - web-search, academic-search, youtube-search, deep-research, news-search
    smart_home: 3 skills - smart-home, device-control, sensor-monitor

============================================================
  ALL 39 TESTS PASSED - Full OpenClaw Parity! (51 skills)
============================================================
